Script started on Wed 13 Feb 2019 10:49:42 AM EST
ajs244@gold34:~/cs214/labs/03$ cat YearCodes.a java
/* YearCodes.java is a driver for function yearCode().
 *
 * Begun by: Prof. Adams, for CS 214 at Calvin College.
 ****************************************************************/

import java.util.Scanner;

public class YearCodes {

   public static void main(String[] args) {
      Scanner keyboard = new Scanner(System.in);
      System.out.println("\nEnter your academic year: "); // prompt

      String year = keyboard.next();      // read year
      System.out.println(yearCode(year)); // display its code
   }

   /***************************************************************
    * yearCode() converts an academic year into its integer code.
    *
    * Receive: year, a string.
    * PRE: year is one of {freshman, sophomore, junior, or senior}.
    * Return: the integer code corresponding to year.
    */

public static int yearCode(String year){
   	if (year.equals("freshman"))
    	return 1;
    else if (year.equals("sophomore"))
        return 2;
    else if (year.equals("junior"))
        return 3;
    else if (year.equals("senior"))
        return 4;
    else
        return 0;
}

}
ajs244@gold34:~/cs214/labs/03$ javac -deprecation YearCodes.java
ajs244@gold34:~/cs214/labs/03$ java YearCoe des

Enter your academic year: 
freshman
1
ajs244@gold34:~/cs214/labs/03$ java YearCodes

Enter your academic year: 
soh phomore
2
ajs244@gold34:~/cs214/labs/03$ java YearCodes

Enter your academic year: 
junior
3
ajs244@gold34:~/cs214/labs/03$ java YearCodes

Enter your academic year: 
senior
4
ajs244@gold34:~/cs214/labs/03$ java YearCodes

Enter your academic year: 
Freshman
0
ajs244@gold34:~/cs214/labs/03$ java YearCodes

Enter your academic year: 
lolqwu   wut
0
ajs244@gold34:~/cs214/labs/03$ exit

Script done on Wed 13 Feb 2019 10:50:52 AM EST
Script started on Wed 13 Feb 2019 02:24:10 PM EST
ajs244@gold22:~/cs214/labs/03$ cat year_codes.adb
-- year_codes.adb converts academic year codes to corresponding years.
--
-- Begun by: Dr. Adams, for CS 214 at Calvin College.
--
-- Completed by: Advait Scaria
-- Date: 02/13/2019
--
-- Input: year, a string
-- Precondition: year is one of "freshman", "sophomore", "junior", "senior"
-- Output: The year code (1, 2, 3 or 4) corresponding to year.
----------------------------------------------------

with Ada.Text_IO, Ada.Integer_Text_IO;
use  Ada.Text_IO, Ada.Integer_Text_IO;

procedure year_codes is

	year : String(1..9) := "         ";
	charsRead : Natural;

   
function YearCode(year : string) return integer is
begin
	if year = "freshman " then
		return 1;
	elsif year = "sophomore" then
		return 2;
	elsif year = "junior   " then
		return 3;
	elsif year = "senior   " then
		return 4;
	else
		return 0;
	end if;
end YearCode;

begin                                          
	Put("Enter your academic year: ");           -- Prompt for input
	Get_Line(year, charsRead);                   -- Input
	Put( YearCode(year) );                       -- Convert and output
	New_Line;
end year_codes;

ajs244@gold22:~/cs214/labs/03$ gnatmake year_codes.adb
gcc-5 -c year_codes.adb
gnatbind-5 -x year_codes.ali
gnatlink-5 year_codes.ali
ajs244@gold22:~/cs214/labs/03$ ./year_codes
Enter your academic year: freshman
          1
ajs244@gold22:~/cs214/labs/03$ ./year_codes
Enter your academic year: sophomore
          2
ajs244@gold22:~/cs214/labs/03$ ./year_codes
Enter your academic year: junior
          3
ajs244@gold22:~/cs214/labs/03$ ./year_codes
Enter your academic year: senir or
          4
ajs244@gold22:~/cs214/labs/03$ ./year_codes
Enter your academic year: lolwut
          0
ajs244@gold22:~/cs214/labs/03$ exit

Script done on Wed 13 Feb 2019 02:25:39 PM EST
Script started on Wed 13 Feb 2019 03:19:05 PM EST
ajs244@gold22:~/cs214/labs/03/clojure$ cat src/year_codes.clj
;;;; year_codes.clj is a driver for function yearCode.
;;;;
;;;; Input: An academic year, one of {freshman, sophomore,
;;;;                                  junior, senior}.
;;;; Output: The code for that academic year
;;;;         (1, 2, 3, 4 for valid entries; 
;;;;          0 for invalid entries).
;;;;
;;;; Usage: clojure -m year_codes
;;;;
;;;; Begun by: Prof. Adams, for CS 214 at Calvin College.
;;;; Completed by: Advait Scaria
;;;; Date: 02/13/2019
;;;;
;;;;;;;;;;;;;;;;;;;;;;;;;;;;;;;;;;;;;;;;;;;;;;;;;;;;;;;;;;;;;;;;;

(ns year_codes)                    ; name the program

;;;;;;;;;;;;;;;;;;;;;;;;;;;;;;;;;;;;;;;;;;;;;;;;;;;;;;;;;;;;;;;;;
;;; yearCode() returns the code for a given academic year.
;;; Receive: year, a string.
;;; Precondition: year is one of 
;;;   {freshman, sophomore, junior or senior}.
;;; Return: the integer code corresponding to year.
;;;;;;;;;;;;;;;;;;;;;;;;;;;;;;;;;;;;;;;;;;;;;;;;;;;;;;;;;;;;;;;;;

(defn yearCode [year]
	(if (= year "freshman") 1
	(if (= year "sophomore")2
	(if (= year "junior") 	3
	(if (= year "senior") 	4 0))))
)

;; solution using the cond function
(defn yearCode2 [year]
  (cond
    (= year "freshman")  1
    (= year "sophomore") 2
    (= year "junior")    3
    (= year "senior")    4
    :else                0
  )
)

;; solution using the case function
(defn yearCode3 [year]
  (case year
    "freshman"  1
    "sophomore" 2
    "junior"    3
    "senior"    4
    0             ; default
  )
)

;;;;;;;;;;;;;;;;;;;;;;;;;;;;;;;;;;;;;;;;;;;;;;;;;;;;;;;;;;;;;;;;;
;;; Function -main() test-drives our yearCode() function.
;;; Input: year: one of {freshman, sophomore, junior, or senior}.
;;; Output: the code corresponding to year.
;;;;;;;;;;;;;;;;;;;;;;;;;;;;;;;;;;;;;;;;;;;;;;;;;;;;;;;;;;;;;;;;;
(defn -main []
	(print "\nEnter your academic year: ") (flush)
	(let
	   [ year (read-line) ]                ; read year (a string)
	   (println (yearCode year) "\n")      ; display its code
	   (println (yearCode2 year) "\n")     ; display its code using yearCode2 function
	   (println (yearCode3 year) "\n")     ; display its code using yearCode3 function
	)
)
ajs244@gold22:~/cs214/labs/03/clojure$ clojure -m year_codes

Enter your academic year: re  freshman
1 

1 

1 

ajs244@gold22:~/cs214/labs/03/clojure$ clojure -m year_codes

Enter your academic year: sophomore
2 

2 

2 

ajs244@gold22:~/cs214/labs/03/clojure$ clojure -m year_codes

Enter your academic year: junior
3 

3 

3 

ajs244@gold22:~/cs214/labs/03/clojure$ clojure -m year_codes

Enter your academic year: senr ior
4 

4 

4 

ajs244@gold22:~/cs214/labs/03/clojure$ clojure -m year_codes

Enter your academic year: lolwut
0 

0 

0 

ajs244@gold22:~/cs214/labs/03/clojure$ exit

Script done on Wed 13 Feb 2019 03:20:16 PM EST
Script started on Wed 13 Feb 2019 03:45:19 PM EST
ajs244@gold22:~/cs214/labs/03$ cat year_codes/.rb    /rb   .rb
#! /usr/bin/ruby
# year_codes.rb translates an academic year into a numeric code
#
# Begun by: Dr. Nelesen, for CS 214 at Calvin College 
# Completed by: Advait Scaria
# Date: 02/13/2019
#
################################################################

# Input:  The name of an academic year
# Precondition: The academic year is a string with a value of freshman, 
#   sophomore, junior or senior
# Output: The corresponding integer code for the given academic year

def yearCode(year)
	if year =~ /freshman/ then
		return 1
	elsif year =~ /sophomore/ then
		return 2
	elsif year =~ /junior/ then
		return 3
	elsif year =~ /senior/ then
		return 4
	else 
		return 0
	end
end 

if __FILE__ == $0
   print "Enter the year: "
   year = gets
   print "Numeric code is: "
   puts yearCode(year)
end

ajs244@gold22:~/cs214/labs/03$ ruby year_codes.rb
Enter the year: freshman
Numeric code is: 1
ajs244@gold22:~/cs214/labs/03$ ruby year_codes.rb
Enter the year: sophomore
Numeric code is: 2
ajs244@gold22:~/cs214/labs/03$ ruby year_codes.rb
Enter the year: junior
Numeric code is: 3
ajs244@gold22:~/cs214/labs/03$ ruby year_codes.rb
Enter the year: senior
Numeric code is: 4
ajs244@gold22:~/cs214/labs/03$ ruby year_codes.rb
Enter the year: lolwut
Numeric code is: 0
ajs244@gold22:~/cs214/labs/03$ ruby year_codes.rb
Enter the year: idk
Numeric code is: 0
ajs244@gold22:~/cs214/labs/03$ exit

Script done on Wed 13 Feb 2019 03:46:16 PM EST
