Script started on Wed 06 Feb 2019 03:59:25 PM EST
ajs244@gold27:~/cs214/labs/02$ cat example6.lex example6.y
%{
#include <stdio.h>
#include <stdlib.h>           /* atoi() */
#include <string.h>           /* strcmp() */
#include "example6.tab.h"
%}
%%
[0-9]+                  yylval = atoi(yytext); return NUMBER;
heat                    return TOKHEAT;
on|off                  yylval = !strcmp(yytext,"on"); return STATE;
set                     return TOKSET;
temperature             return TOKTEMPERATURE;
humidity		return TOKHUMIDITY;
\n                      /* ignore end of line */;
[ \t]+                  /* ignore whitespace */;
%%%{
#include <stdio.h>
#include <string.h>

/* declarations */
int yylex (void);
void yyerror (char const *);
int yyparse(void);

/* definitions */ 
void yyerror(const char *str) {
        fprintf(stderr,"error: %s\n",str);
}
 
int yywrap() {
        return 1;
} 
 
int main() {
        yyparse();
} 

%}

%token NUMBER TOKHEAT STATE TOKSET TOKTEMPERATURE TOKHUMIDITY
%%

commands: /* empty */
        | commands command
        ;

command:
        heat_switch
        | temperature_set
	| humidity_set
        ;

heat_switch:
        TOKHEAT STATE
        {
                if ($2) {  /* if STATE == 1 */
                        printf("\tHeat turned on\n");
                } else {
                        printf("\tHeat turned off\n");
                }
        }
        ;

temperature_set: 
        TOKSET TOKTEMPERATURE NUMBER
        {
                printf("\tTemperature set to %d\n",$3);
        }
        ;

humidity_set: 
        TOKSET TOKHUMIDITY NUMBER
        {
                printf("\tHumidity set to %d\n",$3);
        }
        ;ajs244@gold27:~/cs214/labs/02$ flex examol   mple6.lex
ajs244@gold27:~/cs214/labs/02$ bison example6[1@-[1@d[1@ example6.y
ajs244@gold27:~/cs214/labs/02$ gcc lex.yy.c exampe le6.tab.c -o example6
ajs244@gold27:~/cs214/labs/02$ ./example6
heat on
	Heat turned on
heat off
	Heat turned off
heat on
	Heat turned on
set tem[e  perature 25
	Temperature set to 25
set humidity 34
	Humidity set to 34
heat off
	Heat turned off
ajs244@gold27:~/cs214/labs/02$ exit

Script done on Wed 06 Feb 2019 04:02:40 PM EST
